/opt/st/stm32cubeide_1.9.0/plugins/com.st.stm32cube.ide.mcu.externaltools.gnu-tools-for-stm32.10.3-2021.10.linux64_1.0.0.202111181127/tools/arm-none-eabi/include/c++/10.3.1/bits/std_abs.h:71:3:constexpr double std::abs(double)	16	static
../Core/Src/main.cpp:85:6:void cb_init(circular_buffer*, size_t, size_t)	24	static
../Core/Src/main.cpp:100:6:void cb_free(circular_buffer*)	16	static
../Core/Src/main.cpp:105:6:void cb_push_back(circular_buffer*, const void*)	16	static
../Core/Src/main.cpp:119:6:void cb_pop_front(circular_buffer*, void*)	16	static
../Core/Src/main.cpp:145:5:int _write(int, char*, int)	32	static
../Core/Src/main.cpp:159:6:void setPulseFromDutyValue(double)	32	static
../Core/Src/main.cpp:178:8:double getSpeedByDelta(double, double)	32	static
../Core/Src/main.cpp:182:8:double getTicksDelta(double, double, double)	56	static
../Core/Src/main.cpp:238:10:double** createMatrix(int, int)	32	static
../Core/Src/main.cpp:247:6:void multiply_matricies(double**, double**, int, int, int, int, double**)	56	static
../Core/Src/main.cpp:260:6:void destroyArray(double**)	16	static
../Core/Src/main.cpp:265:6:void matrix_inizialization()	8	static
../Core/Src/main.cpp:293:6:void matrix_sum(double**, double**, double, double)	48	static
../Core/Src/main.cpp:308:5:int main()	80	static
../Core/Src/main.cpp:378:6:void SystemClock_Config()	88	static
../Core/Src/main.cpp:420:13:void MX_TIM1_Init()	56	static
../Core/Src/main.cpp:468:13:void MX_TIM3_Init()	64	static
../Core/Src/main.cpp:527:13:void MX_TIM4_Init()	32	static
../Core/Src/main.cpp:569:13:void MX_USART2_UART_Init()	8	static
../Core/Src/main.cpp:600:13:void MX_GPIO_Init()	40	static
../Core/Src/main.cpp:619:6:void luenberger_observer(double, double)	88	static
../Core/Src/main.cpp:653:6:void HAL_TIM_PeriodElapsedCallback(TIM_HandleTypeDef*)	112	static
../Core/Src/main.cpp:712:6:void Error_Handler()	4	static,ignoring_inline_asm
/opt/st/stm32cubeide_1.9.0/plugins/com.st.stm32cube.ide.mcu.externaltools.gnu-tools-for-stm32.10.3-2021.10.linux64_1.0.0.202111181127/tools/arm-none-eabi/include/c++/10.3.1/cmath:415:5:constexpr typename __gnu_cxx::__promote_2<_Tp, _Up>::__type std::pow(_Tp, _Up) [with _Tp = int; _Up = int]	24	static
