../Core/Src/main.c:86:6:circularBufferInit	24	static
../Core/Src/main.c:101:6:circularBufferFree	16	static
../Core/Src/main.c:106:6:circularBufferPushBack	16	static
../Core/Src/main.c:120:6:circularBufferPopFront	16	static
../Core/Src/main.c:147:5:_write	32	static
../Core/Src/main.c:160:6:setPulseFromDutyValue	32	static
../Core/Src/main.c:179:8:modCounter	32	static
../Core/Src/main.c:184:8:getPosition	16	static
../Core/Src/main.c:188:8:getTicksDelta	48	static
../Core/Src/main.c:259:10:createMatrix	32	static
../Core/Src/main.c:268:6:initMatricies	8	static
../Core/Src/main.c:299:6:multiplyMatricies	56	static
../Core/Src/main.c:312:6:resetArray	32	static
../Core/Src/main.c:324:6:sumMatricies	48	static
../Core/Src/main.c:339:5:main	112	static
../Core/Src/main.c:407:6:SystemClock_Config	88	static
../Core/Src/main.c:449:13:MX_TIM1_Init	56	static
../Core/Src/main.c:497:13:MX_TIM3_Init	64	static
../Core/Src/main.c:556:13:MX_TIM4_Init	32	static
../Core/Src/main.c:598:13:MX_USART2_UART_Init	8	static
../Core/Src/main.c:629:13:MX_GPIO_Init	40	static
../Core/Src/main.c:648:6:luenbergerObserver	72	static
../Core/Src/main.c:678:6:HAL_TIM_PeriodElapsedCallback	104	static
../Core/Src/main.c:739:6:Error_Handler	4	static,ignoring_inline_asm
