../Core/Src/main.c:86:6:circularBufferInit	24	static
../Core/Src/main.c:101:6:circularBufferFree	16	static
../Core/Src/main.c:106:6:circularBufferPushBack	16	static
../Core/Src/main.c:120:6:circularBufferPopFront	16	static
../Core/Src/main.c:147:5:_write	32	static
../Core/Src/main.c:160:6:setPulseFromDutyValue	32	static
../Core/Src/main.c:179:10:modCounter	24	static
../Core/Src/main.c:183:8:getPosition	16	static
../Core/Src/main.c:187:8:getTicksDelta	48	static
../Core/Src/main.c:258:10:createMatrix	32	static
../Core/Src/main.c:267:6:initMatricies	8	static
../Core/Src/main.c:298:6:multiplyMatricies	56	static
../Core/Src/main.c:311:6:resetArray	32	static
../Core/Src/main.c:323:6:sumMatricies	48	static
../Core/Src/main.c:338:5:main	112	static
../Core/Src/main.c:406:6:SystemClock_Config	88	static
../Core/Src/main.c:448:13:MX_TIM1_Init	56	static
../Core/Src/main.c:496:13:MX_TIM3_Init	64	static
../Core/Src/main.c:555:13:MX_TIM4_Init	32	static
../Core/Src/main.c:597:13:MX_USART2_UART_Init	8	static
../Core/Src/main.c:628:13:MX_GPIO_Init	40	static
../Core/Src/main.c:647:6:luenbergerObserver	72	static
../Core/Src/main.c:677:6:HAL_TIM_PeriodElapsedCallback	96	static
../Core/Src/main.c:738:6:Error_Handler	4	static,ignoring_inline_asm
