../Core/Src/main.c:86:6:circularBufferInit	24	static
../Core/Src/main.c:101:6:circularBufferFree	16	static
../Core/Src/main.c:106:6:circularBufferPushBack	16	static
../Core/Src/main.c:120:6:circularBufferPopFront	16	static
../Core/Src/main.c:147:5:_write	32	static
../Core/Src/main.c:160:6:setPulseFromDutyValue	32	static
../Core/Src/main.c:179:8:getSpeedByDelta	32	static
../Core/Src/main.c:183:8:getTicksDelta	48	static
../Core/Src/main.c:252:10:createMatrix	32	static
../Core/Src/main.c:261:6:initMatricies	8	static
../Core/Src/main.c:292:6:multiplyMatricies	56	static
../Core/Src/main.c:305:6:resetArray	32	static
../Core/Src/main.c:317:6:sumMatricies	48	static
../Core/Src/main.c:332:5:main	112	static
../Core/Src/main.c:400:6:SystemClock_Config	88	static
../Core/Src/main.c:442:13:MX_TIM1_Init	56	static
../Core/Src/main.c:490:13:MX_TIM3_Init	64	static
../Core/Src/main.c:549:13:MX_TIM4_Init	32	static
../Core/Src/main.c:591:13:MX_USART2_UART_Init	8	static
../Core/Src/main.c:622:13:MX_GPIO_Init	40	static
../Core/Src/main.c:641:6:luenbergerObserver	72	static
../Core/Src/main.c:671:6:HAL_TIM_PeriodElapsedCallback	96	static
../Core/Src/main.c:729:6:Error_Handler	4	static,ignoring_inline_asm
