../Core/Src/main.c:85:6:cb_init	24	static
../Core/Src/main.c:100:6:cb_free	16	static
../Core/Src/main.c:105:6:cb_push_back	16	static
../Core/Src/main.c:119:6:cb_pop_front	16	static
../Core/Src/main.c:145:5:_write	32	static
../Core/Src/main.c:159:6:setPulseFromDutyValue	32	static
../Core/Src/main.c:178:8:getSpeedByDelta	32	static
../Core/Src/main.c:182:8:getTicksDelta	48	static
../Core/Src/main.c:250:10:createMatrix	32	static
../Core/Src/main.c:259:6:multiply_matricies	56	static
../Core/Src/main.c:272:6:resetArray	32	static
../Core/Src/main.c:281:6:matrix_inizialization	8	static
../Core/Src/main.c:316:6:matrix_sum	48	static
../Core/Src/main.c:331:5:main	80	static
../Core/Src/main.c:402:6:SystemClock_Config	88	static
../Core/Src/main.c:444:13:MX_TIM1_Init	56	static
../Core/Src/main.c:492:13:MX_TIM3_Init	64	static
../Core/Src/main.c:551:13:MX_TIM4_Init	32	static
../Core/Src/main.c:593:13:MX_USART2_UART_Init	8	static
../Core/Src/main.c:624:13:MX_GPIO_Init	40	static
../Core/Src/main.c:643:6:luenberger_observer	72	static
../Core/Src/main.c:675:6:HAL_TIM_PeriodElapsedCallback	88	static
../Core/Src/main.c:729:6:Error_Handler	4	static,ignoring_inline_asm
